Open Watcom Linker Version 1.7
Portions Copyright (c) 1985-2002 Sybase, Inc. All Rights Reserved.
Created on:       14/09/06 13:52:00
Executable Image: 9.exe
creating a Windows NT character-mode executable


                        +------------+
                        |   Groups   |
                        +------------+

Group                           Address              Size
=====                           =======              ====

.idata                          00414000             000007a8
DGROUP                          00415000             00013410



                        +--------------+
                        |   Segments   |
                        +--------------+

Segment                Class          Group          Address         Size
=======                =====          =====          =======         ====

BEGTEXT                CODE           AUTO           00401000        00000007
_TEXT                  CODE           AUTO           00401010        000123d2
TRANSFER CODE          CODE           AUTO           004133e4        000001a4
.idata                 .idata         .idata         00414000        000007a8
_NULL                  BEGDATA        DGROUP         00415000        00000004
_AFTERNULL             BEGDATA        DGROUP         00415004        00000000
CONST                  DATA           DGROUP         00415010        000000bc
_DATA                  DATA           DGROUP         004150d0        0000106c
CONST2                 DATA           DGROUP         0041613c        00000000
XIB                    DATA           DGROUP         0041613c        00000000
XI                     DATA           DGROUP         0041613c        0000004e
XIE                    DATA           DGROUP         0041618a        00000000
YIB                    DATA           DGROUP         0041618a        00000000
YI                     DATA           DGROUP         0041618a        00000030
YIE                    DATA           DGROUP         004161ba        00000000
DATA32                 DATA           DGROUP         004161bc        000002cc
TIB                    DATA           DGROUP         00416488        00000000
TI                     DATA           DGROUP         00416488        00000000
TIE                    DATA           DGROUP         00416488        00000000
DATA                   DATA           DGROUP         00416488        00000000
CONST32                CONST          DGROUP         00417000        00000000
_BSS                   BSS            DGROUP         00417000        000010f0
GDATA@0                BSS            DGROUP         004180f0        00000320
BSS32                  BSS            DGROUP         00418410        00000000
STACK                  STACK          DGROUP         00418410        00010000


                        +----------------+
                        |   Memory Map   |
                        +----------------+

* = unreferenced symbol
+ = symbol only referenced locally

Address        Symbol
=======        ======

Module: 9.obj(Z:\Khokhlov\9.for)
00401010       FMAIN
Module: C:\WATCOM/lib386\math387r.lib(atan387)
0040113a*      atan_
00401146*      atan2_
00401110       IF@ATAN
00401110*      IF@DATAN
00401125*      IF@ATAN2
00401125*      IF@DATAN2
Module: C:\WATCOM/lib386\math387r.lib(trig387)
004011a5*      sin_
00401199*      cos_
004011c6*      tan_
00401158*      IF@COS
00401158*      IF@DCOS
00401162       IF@SIN
00401162*      IF@DSIN
004011b1*      IF@TAN
004011b1*      IF@DTAN
Module: C:\WATCOM/lib386/nt\flib7.lib(setunit)
004011e0       RT@SetUnit
Module: C:\WATCOM/lib386/nt\flib7.lib(setfile)
00401220       RT@SetFile
Module: C:\WATCOM/lib386/nt\flib7.lib(exopen)
00401970       RT@IOOpen
004150e4+      _AccModTab
004150f4+      _FormTab
00415100+      _OpStatTab
00415114+      _BlnkTab
00415120+      _RecFmTab
00415130+      _CCtrlTab
0041513c+      _ActionTab
0041514c+      _ShareTab
Module: C:\WATCOM/lib386/nt\flib7.lib(cowrite)
00401986       RT@IOWrite
00401995*      RT@OutLOG1
004019a7*      RT@OutLOG4
004019b5*      RT@OutINT1
004019c7*      RT@OutINT2
004019d7*      RT@OutINT4
004019e6       RT@OutREAL
004019f6*      RT@OutDBLE
00401a06*      RT@OutXTND
00401a16*      RT@OutCPLX
00401a2c*      RT@OutDBCX
00401a42*      RT@OutXTCX
00401a58*      RT@OutCHAR
00401a5d*      RT@OutSTR
00401a62*      RT@PrtArr
00401a67*      RT@PrtChArr
Module: C:\WATCOM/lib386/nt\flib7.lib(cortns)
00401a77*      SwitchToGen
00401a95       SwitchToRT
00401ab3       RdWrCommon
00401b57       IOType_
00401b75       IOChar
00401b90       IOStr
00401ba5       IOArr
00401bc0       IOChArr
00401be2       RT@EndIO
Module: C:\WATCOM/lib386/nt\flib7.lib(exclose)
00401ce0       RT@IOClose
Module: C:\WATCOM/lib386/nt\clib3r.lib(cstrtwnt)
00401cf6       _cstart_
00401cf6*      mainCRTStartup
Module: C:\WATCOM/lib386/nt\clib3r.lib(_8087)
00415194       __8087
00415195       __real87
Module: C:\WATCOM/lib386/nt\emu387.lib(386)
00401d54       __init_387_emulator
00401d55*      __fini_387_emulator
Module: C:\WATCOM/lib386/nt\flib7.lib(initeng)
00417000       __init_english
Module: C:\WATCOM/lib386/nt\flib7.lib(initerr)
00417004       __init_error
Module: C:\WATCOM/lib386/nt\clib3r.lib(chipvar)
00415198       ___chipbug
00415198       __chipbug
Module: C:\WATCOM/lib386/nt\clib3r.lib(chipw32)
00401d60       __fpatan_wrap
Module: C:\WATCOM/lib386/nt\clib3r.lib(chipt32)
00401d98       __fptan_chk
Module: C:\WATCOM/lib386/nt\flib7.lib(setiocb)
00401e50       RT@SetIOCB
Module: C:\WATCOM/lib386/nt\flib7.lib(rdata)
00417010       _IORslt
00417020*      _Fmt_revert
00417024*      _Fmt_start
00417028*      _Fmt_paren_level
0041702c*      _Fmt_charptr
00417030*      _FmtEmStruct
00417034       _IOTypeRtn
00417038*      _Fmt_end
0041703c*      _Fmt_rep_spec
00417040       _FmtRoutine
00417044       _FmtBuff
00417048       _IOCB
0041704c       _Files
00417050*      _Fmt_delimited
Module: C:\WATCOM/lib386/nt\flib7.lib(rtutls)
00401f00       FindFtnFile_
00401ff0       RChkAlloc_
00402020       F_Connect_
004020a0       ConnectFile_
004020b0       GetFileInfo_
004021a0+      ChkFileName_
004021d0+      ChkLogFile_
00402210       DiscoFile_
00402280       ChkIOOperation_
004022c0       GetIOErr_
004022d0       ChkIOErr_
004022f0       ChkUnitId_
00402330*      ChkConnected_
00402350       SetEOF_
00402380       ClearEOF_
004023c0       SysEOF_
004023f0       IsFixed_
00402400       IsCarriage_
00402410*      ChkRecordStructure_
00402440*      ChkSequential_
00402460*      ChkExist_
00402490       StrItem_
Module: C:\WATCOM/lib386/nt\flib7.lib(exutil)
00402510       FindKWord_
004025a0*      ClrBuff_
0041519c       _SpecId
Module: C:\WATCOM/lib386/nt\flib7.lib(ioerr)
004025f0       IOErr_
Module: C:\WATCOM/lib386/nt\flib7.lib(rtsysutl)
00402680       GetSysIOInfo_
004026a0       GetSysFileInfo_
004026d0       IsDevice_
004028a0       OpenAction_
004028e0+      DfltRecType_
00402900+      _FileAttrs_
004029c0       CloseFile_
00402a30       Scrtched_
00402a50       CloseDeleteFile_
00402aa0       Errf_
00402ac0       FPutBuff_
00402b30       FGetBuff_
00402b80       SeekFile_
00402ba0       NoEOF_
00402bc0       SysClearEOF_
00402bd0       SameFile_
00402be0*      Rewindf_
00402c00       SysCreateFile_
00402c40*      CheckLogicalRecord_
00402c60       SkipLogicalRecord_
00402c80*      BackSpacef_
00402cb0*      EndFilef_
00402cf0       GetIOErrMsg_
00402d30       ReportNExist_
00402d50       ReportEOF_
00402d60*      WaitForEnter_
Module: C:\WATCOM/lib386/nt\flib7.lib(runmain)
00402d70*      __InitUnit6CC_
00402d80       __DevicesCC_
00402d90*      __InitAllowCommaSeparator_
00402da0       __AllowCommaSep_
00402db0+      _InitIO_
00402e20+      CloseAllFiles_
00402e60*      _FiniEx_
00402ea0       RunEntry_
00402ed0       RunExit_
Module: C:\WATCOM/lib386/nt\flib7.lib(rdwr)
00402ee0+      _AllocBuffer_
00402f20       IOPrologue_
00403160       DoOpen_
00403190       UpdateRecNum_
Module: C:\WATCOM/lib386/nt\flib7.lib(iomain)
004031d0       __ReleaseIOSys_
004031f0       IOMain_
Module: C:\WATCOM/lib386/nt\flib7.lib(exwrite)
00403410       DoWrite_
Module: C:\WATCOM/lib386/nt\clib3r.lib(crwdata)
0041520c       __osmajor
0041520d       __osminor
0041520e       __osbuild
00415210       __osver
00415214       __winmajor
00415218       __winminor
0041521c       __winver
004151d0       __LpCmdLine
004151d4       __LpPgmName
004151d8       __LpDllName
004151dc       __LpwCmdLine
004151e0       __LpwPgmName
004151e4       __LpwDllName
004151c8*      __dynend
004151cc       __curbrk
004151e8*      __STACKLOW
004151ec       __STACKTOP
004151f0       __ASTACKSIZ
004151f4       __ASTACKPTR
004151f8*      __cbyte
004151fc*      __cbyte2
00415200*      __child
00415206       __Envptr
0041520a*      __Envseg
00415204       __no87
00415220       ___FPE_handler
Module: C:\WATCOM/lib386/nt\flib7.lib(thrdutil)
004034a0*      __InitMultiThreadIO_
00415228       __SwitchStkLow
Module: C:\WATCOM/lib386/nt\clib3r.lib(main2wnt)
004034b0       __NTMain
Module: C:\WATCOM/lib386/nt\clib3r.lib(segdefns)
00401003       ___begtext
00415000*      __nullarea
0041613c       __Start_XI
0041618a       __End_XI
0041618a       __Start_YI
004161ba       __End_YI
Module: C:\WATCOM/lib386/nt\clib3r.lib(chk8087)
00403530*      _fpreset_
00403550*      __init_8087_
00403590       __chk8087_
Module: C:\WATCOM/lib386/nt\flib7.lib(english)
00403600       __UseEnglishCharSet_
Module: C:\WATCOM/lib386/nt\flib7.lib(errincl)
00403730       __InitError_
0041522c+      _PGroupTable
00415230+      _PErrWord
Module: C:\WATCOM/lib386/nt\clib3r.lib(chipbug)
00403750       __verify_pentium_fdiv_bug_
Module: C:\WATCOM/lib386/nt\clib3r.lib(chipa32)
004037b0       __fpatan_chk
Module: C:\WATCOM/lib386/nt\flib7.lib(rtinit)
00415234       ___FAppType
00415238       __ExceptionInit
0041523c       __ExceptionFini
004039d0*      __InitFThreadData_
00403a10+      RTSysFini_
00403a20       RTSysInit_
00415244       __AccessFIO
00415248       __ReleaseFIO
0041524c       __PartialReleaseFIO
00417058       ___FThreadDataOffset
00416160*      ___fthread_data_size
Module: C:\WATCOM/lib386/nt\clib3r.lib(mainwnt)
00415250       ___TlsIndex
00415254       ___FirstThreadData
00415258       ___GetThreadPtr
0041525c       __AccessFileH
00415260       __ReleaseFileH
00415264       __AccessIOB
00415268       __ReleaseIOB
0041526c       __AccessNHeap
00415270       __AccessFHeap
00415274       __ReleaseNHeap
00403a90*      __threadid_
00403b00+      __sig_null_rtn_
00403b10+      __NTInit_
00403cf0+      __NTFini_
00403d50       __NTMainInit_
00403db0       __exit_
00415278       __ReleaseFHeap
0041527c       __AccessTDList
00415280       __ReleaseTDList
00415284       __AccessFList
00415288       __ReleaseFList
0041528c       __ThreadExitRtn
00415290       ___sig_init_rtn
00415294       ___sig_fini_rtn
00415298       ___process_fini
00417064       ___Is_DLL
Module: C:\WATCOM/lib386/nt\flib7.lib(ioinit)
00403e10       IOSysInit_
Module: C:\WATCOM/lib386/nt\flib7.lib(rterr)
004152a0+      _TraceRoutine
00403e60       RTErr_
00403e90       ErrHandler_
00403ed0+      WriteErr_
00403fa0+      FlushStdUnit_
004152ac+      LG@ERR_HOOK
Module: C:\WATCOM/lib386/nt\flib7.lib(fdutil)
00403ff0       LocFile_
00404000       LocUnit_
00404030       ExtractInfo_
Module: C:\WATCOM/lib386/nt\flib7.lib(rstdio)
00404070+      _GetFtnFile_
00404160*      _SetStd_
00404170       _InitStandardInput_
004041a0       _InitStandardOutput_
Module: C:\WATCOM/lib386/nt\flib7.lib(rmemmgr)
004041d0       RMemAlloc_
004041e0       RMemFree_
Module: C:\WATCOM/lib386/nt\clib3r.lib(memset)
004041f0       memset_
Module: C:\WATCOM/lib386/nt\flib7.lib(deffname)
004152b0       _DefFName
Module: C:\WATCOM/lib386/nt\flib7.lib(stracc)
00404210       TrimStr_
00404250       GetStr_
Module: C:\WATCOM/lib386/nt\flib7.lib(spawn)
00404280       Spawn_
004042e0       Suicide_
Module: C:\WATCOM/lib386/nt\clib3r.lib(memicmp)
00404320       memicmp_
Module: C:\WATCOM/lib386/nt\flib7.lib(blderr)
004043e0       Substitute_
004045b0       ErrCodOrg_
Module: C:\WATCOM/lib386/nt\clib3r.lib(accsswnt)
004045c0       access_
Module: C:\WATCOM/lib386/nt\clib3r.lib(fullpath)
00404610+      _sys_fullpath_
00404690       _fullpath_
Module: C:\WATCOM/lib386/nt\clib3r.lib(fstatwnt)
00404700       fstat_
Module: C:\WATCOM/lib386/nt\flib7.lib(poserr)
00404a50       Errorf_
00404a70*      EOFile_
00404a90       ErrorMsg_
00404ad0       FSetTrunc_
00404ae0       FSetSysErr_
00404b00       FSetErr_
00404b20       FSetEof_
00404b40       IOOk_
Module: C:\WATCOM/lib386/nt\clib3r.lib(statwnt)
00404c65       stat_
Module: C:\WATCOM/lib386/nt\flib7.lib(posopen)
00404e90       InitStd_
00404f50       SetIOBufferSize_
00404f70+      _AllocFile_
00405060       Openf_
00405150       Closef_
Module: C:\WATCOM/lib386/nt\flib7.lib(posdat)
004154a0       _FStdIn
004154a4       _FStdOut
004154a8       _FStdErr
Module: C:\WATCOM/lib386/nt\flib7.lib(posflush)
004051d0       FlushBuffer_
Module: C:\WATCOM/lib386/nt\flib7.lib(posdel)
00405280       Scratchf_
Module: C:\WATCOM/lib386/nt\clib3r.lib(nodefwin)
004154ac*      __WindowsIsWindowedHandle
004154b0*      __WindowsRemoveWindowedHandle
004154b4*      __WindowsNewWindow
004154b8*      __WindowsCloseWindow
004154bc*      __WindowsSetAbout
004154c0*      __WindowsSetAppTitle
004154c4*      __WindowsSetConTitle
004154c8*      __WindowsDestroyOnClose
004154cc*      __WindowsYieldControl
004154d0*      __WindowsShutDown
004154d4*      __WindowsStdin
004154d8       __WindowsStdout
004154dc*      __WindowsKbhit
004154e0*      __WindowsGetch
004154e4*      __WindowsGetche
004154e8*      __WindowsPutch
004052a0       _dwDeleteOnClose_
004052b0*      _dwSetAboutDlg_
004052c0*      _dwSetAppTitle_
004052d0*      _dwSetConTitle_
004052e0*      _dwYield_
004052f0*      _dwShutDown_
004154ec*      __WindowsExitRtn
00417680*      __init_default_win
Module: C:\WATCOM/lib386/nt\flib7.lib(posput)
00405300       FPutRec_
00405340       ChopFile_
00405390*      PutRec_
004054c0       writebytes_
00405540       SysWrite_
Module: C:\WATCOM/lib386/nt\flib7.lib(posget)
00405680       readbytes_
00405750       SysRead_
00405be0       FGetRec_
00405c10*      GetRec_
00405c30       GetStdChar_
00405c80       FCheckLogical_
00405d00       FSkipLogical_
00405dd0*      FGetVarRecLen_
Module: C:\WATCOM/lib386/nt\flib7.lib(posseek)
00405ec0       FSeekRec_
00405f00       CurrFileOffset_
00405f20       SysSeek_
00406110*      FSeekAbs_
00406120       FGetFilePos_
Module: C:\WATCOM/lib386/nt\clib3r.lib(stricmp)
00406130       stricmp_
Module: C:\WATCOM/lib386/nt\flib7.lib(posrew)
00406170       FRewind_
Module: C:\WATCOM/lib386/nt\flib7.lib(posback)
004061e0       FBackspace_
Module: C:\WATCOM/lib386/nt\flib7.lib(postrunc)
004062c0       FTruncate_
Module: C:\WATCOM/lib386/nt\clib3r.lib(errno)
004062e0       __get_errno_ptr_
004062f0*      __get_doserrno_ptr_
Module: C:\WATCOM/lib386/nt\flib7.lib(sdfile)
004154f0*      _FFCtrlSeq
004154f2*      _SkipCtrlSeq
004154f4       _NormalCtrlSeq
004154f6       _SDTermIn
004154fa       _SDTermOut
004154fe*      _SDPrtName
Module: C:\WATCOM/lib386/nt\flib7.lib(unfmtout)
004063e0       UnFmtOut_
Module: C:\WATCOM/lib386/nt\flib7.lib(freeout)
00406830       FreeOut_
00415504+      _OutRtn
Module: C:\WATCOM/lib386/nt\clib3r.lib(initrtns)
00406920       __InitRtns
00406970       __FiniRtns
Module: C:\WATCOM/lib386/nt\clib3r.lib(mthrdini)
004069d0       __InitThreadData_
00415538       ___ThreadDataSize
Module: C:\WATCOM/lib386/nt\clib3r.lib(cmain386)
00406a00       __CMain
Module: C:\WATCOM/lib386/nt\clib3r.lib(dosseg)
00001234       __DOSseg__
Module: C:\WATCOM/lib386/nt\clib3r.lib(8087cw)
0041553c       __8087cw
Module: C:\WATCOM/lib386/nt\clib3r.lib(save8087)
00415540       ___Save8087
00415544       ___Rest8087
Module: C:\WATCOM/lib386/nt\clib3r.lib(init8087)
00406a44       __x87id
Module: C:\WATCOM/lib386/nt\flib7.lib(csetinfo)
00417684       _CharSetInfo
Module: C:\WATCOM/lib386/nt\flib7.lib(errmsg)
00406db0       _GroupTable
00406e60       _ErrWord
Module: C:\WATCOM/lib386/nt\flib7.lib(errrtns)
00417698       ___ErrorFini
0041769c       ___ErrorInit
004176a0       ___BldErrMsg
Module: C:\WATCOM/lib386/nt\clib3r.lib(chipd32)
004075a7       __fdiv_fpr
00407a69*      __fdiv_chk
00407a7c*      __fdiv_m32
00407ac9*      __fdiv_m64
00407b16*      __fdiv_m32r
00407b63*      __fdiv_m64r
Module: C:\WATCOM/lib386/nt\flib7.lib(rttraps)
00407ca0       __EnableF77RTExceptionHandling_
00407cb0       R_TrapInit_
00407d40       R_TrapFini_
00407d50*      __InitExceptionVectors_
Module: C:\WATCOM/lib386/nt\clib3r.lib(atexit)
00407d65       atexit_
Module: C:\WATCOM/lib386/nt\clib3r.lib(regdata)
00407dd0       __RegisterThreadDataSize_
Module: C:\WATCOM/lib386/nt\clib3r.lib(hdlman)
00415548+      ___NHandles
0041554c       ___OSHandles
00415550+      ___FakeHandles
00407e00+      __growPOSIXHandles_
00407ea0       __allocPOSIXHandle_
00407f60       __freePOSIXHandle_
00407f80*      __getOSHandle_
00407fa0       __setOSHandle_
00407ff0+      __NTGetFakeHandle_
00408060       __initPOSIXHandles_
00408140*      __set_handles_
00408150*      _grow_handles_
Module: C:\WATCOM/lib386/nt\clib3r.lib(environ)
00417728       ___env_mask
0041772c       _environ
00417730       __wenviron
Module: C:\WATCOM/lib386/nt\clib3r.lib(getmodfn)
00408190       __lib_GetModuleFileNameW_
Module: C:\WATCOM/lib386/nt\clib3r.lib(strdup)
00408230       __clib_strdup_
Module: C:\WATCOM/lib386/nt\clib3r.lib(istable)
00408270       __IsTable
Module: C:\WATCOM/lib386/nt\clib3r.lib(ustrdup)
00408371       __clib_wcsdup_
Module: C:\WATCOM/lib386/nt\clib3r.lib(nfree)
004083a0       free_
004083b0       _nfree_
00417734       ___MiniHeapFreeRover
Module: C:\WATCOM/lib386/nt\clib3r.lib(excptwnt)
00408b20+      ___ReportException@4
00408f70       __DefaultExceptionHandler_
00408fb0+      ___ExceptionFilter
004091c0       __NewExceptionFilter_
004091f0       __DoneExceptionFilter_
0041555c       ___oscode_check_func
00415560       ___raise_func
00417738*      _sw
0041773c       ___ExceptionHandled
0041773d+      ___ReportInvoked
Module: C:\WATCOM/lib386/nt\clib3r.lib(stklmwnt)
00409230       __init_stack_limits_
Module: C:\WATCOM/lib386/nt\flib7.lib(errutil)
004092a0       BldErrCode_
00409300*      MsgFormat_
00409330*      MsgBuffer_
00415578+      _PGrpCodes
Module: C:\WATCOM/lib386/nt\clib3r.lib(enterdb)
00409360       __EnterWVIDEO_
0041557c       ___WD_Present
Module: C:\WATCOM/lib386/nt\flib7.lib(stdio)
004093a0       StdBuffer_
004093c0       StdFlush_
004093f0+      StdWrite_
004094d0       StdWriteNL_
Module: C:\WATCOM/lib386/nt\clib3r.lib(getenv)
00409500       getenv_
Module: C:\WATCOM/lib386/nt\clib3r.lib(ltoa)
00409590       ultoa_
004095e0       ltoa_
Module: C:\WATCOM/lib386/nt\clib3r.lib(nmalloc)
00409610       malloc_
00409620       _nmalloc_
00415988       ___nheapbeg
0041598c       ___MiniHeapRover
00415990       ___LargestSizeB4MiniHeapRover
Module: C:\WATCOM/lib386/nt\clib3r.lib(__stos)
00409720       __STOSB
00409757*      __STOSD
Module: C:\WATCOM/lib386/nt\clib3r.lib(setjmp)
004097c4       _setjmp_
004097fd       longjmp_
Module: C:\WATCOM/lib386/nt\clib3r.lib(exit)
00409885+      __null_int23_exit_
00409887       exit_
004098d7*      _exit_
00415994+      ___int23_exit
00415998+      ___FPE_handler_exit
Module: C:\WATCOM/lib386/nt\clib3r.lib(memmove)
004098f0       memmove_
Module: C:\WATCOM/lib386/nt\clib3r.lib(itoa)
00409950       utoa_
004099a0       itoa_
Module: C:\WATCOM/lib386/nt\clib3r.lib(dosret)
004099d0*      _dosretax_
004099e0*      _dosret0_
004099f0       __set_errno_dos_
00409a20       __set_errno_nt_
Module: C:\WATCOM/lib386/nt\clib3r.lib(seterrno)
00409a2f       __set_errno_
00409a3d*      __set_EDOM_
00409a4b       __set_ERANGE_
00409a59*      __set_EINVAL_
00409a6c       __set_doserrno_
Module: C:\WATCOM/lib386/nt\clib3r.lib(gtcwdwnt)
00409a80       getcwd_
Module: C:\WATCOM/lib386/nt\clib3r.lib(iomode)
00409b10       __GetIOMode_
00409b30       __SetIOMode_nogrow_
00415aa0       ___NFiles
00415aa4       ___init_mode
00415af4       ___io_mode
Module: C:\WATCOM/lib386/nt\clib3r.lib(iomodtty)
00409b50       __ChkTTYIOMode_
00409ba0       __IOMode_
Module: C:\WATCOM/lib386/nt\clib3r.lib(ntdirinf)
00409bc0       __MakeDOSDT_
00409bf0*      __FromDOSDT_
00409c20*      __GetNTDirInfo_
00409c60*      __NTFindNextFileWithAttr_
Module: C:\WATCOM/lib386/nt\clib3r.lib(d2ttime)
00409cb0       _d2ttime_
Module: C:\WATCOM/lib386/nt\clib3r.lib(strerror)
0040a040       strerror_
0040a060*      _strerror_
0040a130*      _doserror_
00415af8+      __sys_errlist
00415b9c+      __sys_nerr
Module: C:\WATCOM/lib386/nt\clib3r.lib(_strcmp)
0040a160       strcmp_
Module: C:\WATCOM/lib386/nt\clib3r.lib(mbspbrk)
0040a2a0       _mbspbrk_
Module: C:\WATCOM/lib386/nt\clib3r.lib(mbsinc)
0040a2f0       _mbsinc_
Module: C:\WATCOM/lib386/nt\clib3r.lib(chdirwnt)
0040a320       chdir_
Module: C:\WATCOM/lib386/nt\clib3r.lib(tolower)
0040a340       tolower_
Module: C:\WATCOM/lib386/nt\clib3r.lib(stiomode)
0040a350       __grow_iomode_
0040a420+      __shrink_iomode_
0040a460       __SetIOMode_
Module: C:\WATCOM/lib386/nt\clib3r.lib(close)
0040a4d0       close_
Module: C:\WATCOM/lib386/nt\clib3r.lib(openwnt)
0040a6e0*      open_
0040a700       sopen_
Module: C:\WATCOM/lib386/nt\clib3r.lib(lseek)
0040a730       lseek_
Module: C:\WATCOM/lib386/nt\flib7.lib(poscc)
0040a780*      __LineFeedWithFormFeed_
0040a790       FSetCC_
Module: C:\WATCOM/lib386/nt\clib3r.lib(write)
0040aa40       write_
Module: C:\WATCOM/lib386/nt\clib3r.lib(unlnkwnt)
0040aca0       unlink_
Module: C:\WATCOM/lib386/nt\clib3r.lib(chsizwnt)
0040ad20       chsize_
Module: C:\WATCOM/lib386/nt\clib3r.lib(read)
0040ae20       read_
Module: C:\WATCOM/lib386/nt\flib7.lib(wrutils)
0040afa0       F_SendData_
0040b000*      SendLine_
0040b010*      SendInt_
0040b040       SendStr_
0040b060+      SendWSLStr_
0040b080       SendChar_
0040b0a0       Drop_
0040b1a0       SendEOR_
0040b2e0       IOItemResult_
Module: C:\WATCOM/lib386/nt\flib7.lib(unfmtutl)
0040b360       _SizeVars
Module: C:\WATCOM/lib386/nt\flib7.lib(undefcg)
0040b400       OutLogCG_
0040b410       OutIntCG_
0040b450+      FmtRealCG_
0040b480+      FmtDoubleCG_
0040b4b0+      FmtExtendedCG_
0040b4e0+      UndefRealCG_
0040b4f0+      UndefDoubleCG_
0040b500+      UndefExtendedCG_
0040b510+      UndefLogCG_
0040b520+      UndefIntCG_
0040b530+      GetRealCG_
00415ba8       _FmtRealRtn
00415bac       _FmtDoubleRtn
00415bb0       _FmtExtendedRtn
00415bb4       _SendStrRtn
00415bb8       _UndefRealRtn
00415bbc       _UndefDoubleRtn
00415bc0       _UndefExtendedRtn
00415bc4       _UndefLogRtn
00415bc8       _UndefIntRtn
00415bcc       _GetRealRtn
Module: C:\WATCOM/lib386/nt\flib7.lib(cctrl)
0040b540       CheckCCtrl_
Module: C:\WATCOM/lib386/nt\clib3r.lib(cinit)
0040b5b0       __CommonInit_
Module: C:\WATCOM/lib386/nt\clib3r.lib(___argc)
00417848       ____Argv
0041784c       ____Argc
Module: C:\WATCOM/lib386/nt\flib7.lib(rtmain)
0040b5c0       main_
Module: C:\WATCOM/lib386/nt\clib3r.lib(signlwnt)
00415bd0+      __SignalTable
0040b5e0+      __SetSignalFunc_
0040b630+      __GetSignalFunc_
0040b660+      __GetSignalOSCode_
0040b690+      __CheckSignalExCode_
0040b7d0+      __sigabort_
0040b7e0       __sigfpe_handler_
0040b830       signal_
0040b8c0+      raise_
0040b930+      __SigInit_
0040b980+      __SigFini_
0040b9c0+      __sig_init_
Module: C:\WATCOM/lib386/nt\flib7.lib(fptraps)
0040baa0*      __MaskDefaultFPE_
0040bac0       FPTrapInit_
0040bb10       FPTrapFini_
Module: C:\WATCOM/lib386/nt\clib3r.lib(trdlist)
0040bb70       __GetThreadData_
0040bbc0       __ReallocThreadData_
0040bcb0       __AddThreadData_
0040bd30       __RemoveThreadData_
0040bd90       __ResizeThreadDataList_
0040bdc0       __FreeThreadDataList_
0040bdf0*      __ActiveThreads_
Module: C:\WATCOM/lib386/nt\clib3r.lib(nrealloc)
0040be10       realloc_
0040be20+      _nrealloc_
Module: C:\WATCOM/lib386/nt\clib3r.lib(setenvp)
0040bea0       __setenvp_
0040bf60       __freeenvp_
Module: C:\WATCOM/lib386/nt\clib3r.lib(ustrlen)
0040bfad       wcslen_
Module: C:\WATCOM/lib386/nt\clib3r.lib(memcpy)
0040bfc0       memcpy_
Module: C:\WATCOM/lib386/nt\clib3r.lib(mem)
0040bfe0       __MemAllocator
0040c090       __MemFree
Module: C:\WATCOM/lib386/nt\clib3r.lib(conutwnt)
0040c1e0*      __NTRealKey_
0040c290*      __NTConsoleInput_
0040c2a0       __NTConsoleOutput_
Module: C:\WATCOM/lib386/nt\clib3r.lib(fclex387)
0040c2b0       _ClearFPE_
Module: C:\WATCOM/lib386/nt\flib7.lib(errgrp)
0040c2c0       _GrpCodes
Module: C:\WATCOM/lib386/nt\clib3r.lib(iob)
00415c44       ___iob
00415e4c       __fmode
00417858       ___OpenStreams
0041785c       ___ClosedStreams
Module: C:\WATCOM/lib386/nt\clib3r.lib(setmd)
0040c350       setmode_
Module: C:\WATCOM/lib386/nt\clib3r.lib(mbterm)
0040c440       _mbterm_
Module: C:\WATCOM/lib386/nt\clib3r.lib(mbsnextc)
0040c480       _mbsnextc_
Module: C:\WATCOM/lib386/nt\clib3r.lib(mbcupper)
0040c4c0       _mbctoupper_
Module: C:\WATCOM/lib386/nt\clib3r.lib(alphabet)
00415028       ___Alphabet
Module: C:\WATCOM/lib386/nt\clib3r.lib(nmemneed)
0040c4f0       __nmemneed_
Module: C:\WATCOM/lib386/nt\clib3r.lib(grownear)
0040c660       __ExpandDGROUP_
Module: C:\WATCOM/lib386/nt\clib3r.lib(ljmphdl)
00415e50       ___longjmp_handler
Module: C:\WATCOM/lib386/nt\clib3r.lib(isattwnt)
0040c690       isatty_
Module: C:\WATCOM/lib386/nt\clib3r.lib(strncpy)
0040c6c0       strncpy_
Module: C:\WATCOM/lib386/nt\clib3r.lib(mktime)
0040c700       mktime_
Module: C:\WATCOM/lib386/nt\clib3r.lib(mbschr)
0040c790       _mbschr_
Module: C:\WATCOM/lib386/nt\clib3r.lib(mbisdbcs)
00417860       ___IsDBCS
Module: C:\WATCOM/lib386/nt\clib3r.lib(mbislead)
0040c7f0*      _ismbblead_
00417864       ___MBCSIsTable
Module: C:\WATCOM/lib386/nt\clib3r.lib(_clsewnt)
0040c810       __close_
Module: C:\WATCOM/lib386/nt\clib3r.lib(ntfio)
0040c870*      __GetNTCreateAttr_
0040c8b0       __GetNTAccessAttr_
0040c8e0       __GetNTShareAttr_
Module: C:\WATCOM/lib386/nt\clib3r.lib(umaskval)
00415e54       ___umaskval
Module: C:\WATCOM/lib386/nt\clib3r.lib(lseekwnt)
0040c940       __lseek_
Module: C:\WATCOM/lib386/nt\clib3r.lib(stackwnt)
0040c980       stackavail_
Module: C:\WATCOM/lib386/nt\clib3r.lib(stk)
0040c991*      __CHK
0040c9a1*      __STK
0040c9c0       __STKOVERFLOW_
0040c9d0       __GRO
0040c9f0*      __alloca_probe
Module: C:\WATCOM/lib386/nt\flib7.lib(ifile)
0040ca10       SendIFBuff_
0040ca40       NextIFBuff_
Module: C:\WATCOM/lib386/nt\flib7.lib(expchk)
0040ca70       ToFFormat_
Module: C:\WATCOM/lib386/nt\flib7.lib(fmtrtns)
0040cac0       R_F2E_
0040cc30       R_F2F_
0040cdc0       SetMaxPrec_
Module: C:\WATCOM/lib386/nt\flib7.lib(chrutils)
0040cdd0       JmpBlanks_
Module: C:\WATCOM/lib386/nt\flib7.lib(rfmtlog)
0040ce00       R_FmtLog_
Module: C:\WATCOM/lib386/nt\flib7.lib(rfmtutil)
0040ce60+      R_ChkType_
0040ce90*      R_NewRec_
0040ced0*      R_ChkIType_
0040cf00*      R_ChkFType_
0040cf30*      R_ChkRecLen_
0040cf50*      R_FOStr_
0040cf60+      GetLen_
0040cf90+      FOString_
0040d010*      R_FIStr_
0040d0d0+      R_FOLog_
0040d120*      R_FILog_
0040d200*      R_FIFloat_
0040d3f0       GetReal_
0040d500*      R_FOF_
0040d580*      R_FOE_
0040d6c0+      FmtH2B_
0040d7b0*      R_FIHex_
0040d860*      R_FOHex_
0040d880+      FOHex_
0040da50*      R_FIInt_
0040db60*      R_FOInt_
0040ddc0*      R_FOG_
0040e030+      ChkBuffLen_
Module: C:\WATCOM/lib386/nt\clib3r.lib(argcv)
00417968       __argc
0041796c       __argv
00417970       ___argc
00417974       ___argv
Module: C:\WATCOM/lib386/nt\clib3r.lib(abort)
0040e077*      abort_
0040e092       __terminate_
00415e6c       ___abort
Module: C:\WATCOM/lib386/nt\clib3r.lib(cntrl87)
0040e0b0       _control87_
Module: C:\WATCOM/lib386/nt\clib3r.lib(mthread)
0040e2b0+      __CloseSemaphore_
0040e2c0+      __AccessSemaphore_
0040e320+      __ReleaseSemaphore_
0040e380+      __AccessIOB_
0040e390+      __ReleaseIOB_
0040e3a0+      __AccessFileH_
0040e3b0+      __ReleaseFileH_
0040e3c0+      __AccessNHeap_
0040e3d0+      __ReleaseNHeap_
0040e3e0+      __AccessFHeap_
0040e3f0+      __ReleaseFHeap_
0040e400+      __AccessTDList_
0040e410+      __ReleaseTDList_
0040e420+      __AccessFList_
0040e430+      __ReleaseFList_
0040e440+      __MultipleThread_
0040e490+      __AllocInitThreadData_
0040e4e0*      __FreeInitThreadData_
0040e4f0       __NTThreadInit_
0040e580       __NTAddThread_
0040e5d0       __NTRemoveThread_
0040e640       __InitMultipleThread_
00415e70+      ___AccessSema4
00415e74+      ___ReleaseSema4
00415e78+      ___CloseSema4
Module: C:\WATCOM/lib386/nt\clib3r.lib(xmsgwnt)
0040e800+      __exit_with_msg_
0040e840       __fatal_runtime_error_
Module: C:\WATCOM/lib386/nt\clib3r.lib(calloc)
0040e860       calloc_
Module: C:\WATCOM/lib386/nt\clib3r.lib(register)
0040e890       __initthread_
0040e8a0*      _beginthread_
0040e8b0       _endthread_
0040e8c0*      __RegisterThreadData_
Module: C:\WATCOM/lib386/nt\clib3r.lib(nmsize)
0040e910*      _msize_
0040e920       _nmsize_
Module: C:\WATCOM/lib386/nt\clib3r.lib(nexpand)
0040e930*      _expand_
0040e940+      __HeapManager_expand_
0040eaf0       _nexpand_
Module: C:\WATCOM/lib386/nt\clib3r.lib(dofilstr)
0040eb60       __ParsePosixHandleStr_
Module: C:\WATCOM/lib386/nt\clib3r.lib(clearenv)
0040ec80       clearenv_
Module: C:\WATCOM/lib386/nt\clib3r.lib(initfile)
0040ed40       __InitFiles_
Module: C:\WATCOM/lib386/nt\clib3r.lib(ioexit)
0040ee40*      fcloseall_
0040ee50       __full_io_exit_
Module: C:\WATCOM/lib386/nt\clib3r.lib(mbconv)
0040ee60       _mbvtop_
Module: C:\WATCOM/lib386/nt\clib3r.lib(amblksiz)
00415e88       __amblksiz
Module: C:\WATCOM/lib386/nt\clib3r.lib(heapen)
0040ee80*      _heapenable_
00415e8c       ___heap_enabled
Module: C:\WATCOM/lib386/nt\clib3r.lib(nheapmin)
0040eeb0       _heapshrink_
0040eec0*      _heapmin_
0040eed0*      _nheapmin_
0040ef90       _nheapshrink_
Module: C:\WATCOM/lib386/nt\clib3r.lib(locmktim)
0040efd0       __local_mktime_
Module: C:\WATCOM/lib386/nt\clib3r.lib(gmtime)
0040f190       __brktime_
0040f290+      _gmtime_
0040f2b0*      gmtime_
Module: C:\WATCOM/lib386/nt\clib3r.lib(tzset)
00415e90       ___start_dst
00415eb4       ___end_dst
00415fdc*      _tzname
00415fe4       _timezone
00415fe8       _daylight
00415fec       ___dst_adjust
0040f2e0*      __DontCacheOSTZ_
0040f2f0*      __CacheOSTZ_
0040f550+      __parse_tz_
0040f790       tzset_
Module: C:\WATCOM/lib386/nt\clib3r.lib(timeutil)
0040f900       __isindst_
Module: C:\WATCOM/lib386/nt\clib3r.lib(mbclen)
0040fc30       _mbclen_
Module: C:\WATCOM/lib386/nt\clib3r.lib(mbccmp)
0040fc60       _mbccmp_
Module: C:\WATCOM/lib386/nt\clib3r.lib(mbinit)
0040fcd5       __mbinit_
00415ff4       ___MBCodePage
Module: C:\WATCOM/lib386\math387r.lib(ldcvt)
0040fe9e       _LDScale10x_
0041048f       __LDcvt_
Module: C:\WATCOM/lib386/nt\flib7.lib(rdutils)
004108e0       NextRec_
Module: C:\WATCOM/lib386/nt\clib3r.lib(toupper)
004109f0       toupper_
Module: C:\WATCOM/lib386/nt\flib7.lib(fmtcnvt)
00410a00       FmtS2I_
00410b30       FmtS2F_
Module: C:\WATCOM/lib386/nt\flib7.lib(flt86)
00410f00       _P1d100
00410f08       _P1d_99
Module: C:\WATCOM/lib386\math387r.lib(pow387)
0041106f*      pow_
00410f10       IF@DPOW
00410f10*      IF@POW
Module: C:\WATCOM/lib386/nt\flib7.lib(hexcnv)
00411090       Hex_
004110b0*      HSToB_
00411120       BToHS_
Module: C:\WATCOM/lib386/nt\clib3r.lib(strupr)
00411170       strupr_
Module: C:\WATCOM/lib386/nt\clib3r.lib(initargv)
00411190       __Init_Argv_
004111e0+      _getargv_
00411370       __Fini_Argv_
Module: C:\WATCOM/lib386/nt\clib3r.lib(trdalloc)
00411380       __FiniThreadProcessing_
Module: C:\WATCOM/lib386/nt\clib3r.lib(thredwnt)
00411470       __CBeginThread_
00411510       __CEndThread_
Module: C:\WATCOM/lib386/nt\clib3r.lib(strtol)
00411770*      strtoul_
00411780       strtol_
Module: C:\WATCOM/lib386/nt\clib3r.lib(putenv)
00411790       putenv_
00411a20       __putenv_
Module: C:\WATCOM/lib386/nt\clib3r.lib(fclose)
00411b90+      __doclose_
00411c30       __shutdown_stream_
00411c50*      fclose_
004180e8+      ___RmTmpFileFn
Module: C:\WATCOM/lib386/nt\clib3r.lib(freefp)
00411ca0       __freefp_
00411cf0       __purgefp_
Module: C:\WATCOM/lib386/nt\clib3r.lib(leapyear)
00411d20       __leapyear_
00415098       ___diyr
004150b2       ___dilyr
Module: C:\WATCOM/lib386/nt\clib3r.lib(wcstombs)
00411d60       wcstombs_
Module: C:\WATCOM/lib386\math387r.lib(ldclass)
00411dff       __LDClass_
00411e4f*      _FLClass_
Module: C:\WATCOM/lib386/nt\flib7.lib(intarith)
00411e60       AddIOFlo_
00411e70*      SubIOFlo_
00411e80       MulIOFlo_
Module: C:\WATCOM/lib386\math387r.lib(strtod)
004123c7+      __Strtold_
00412531       strtod_
Module: C:\WATCOM/lib386\math387r.lib(pow87e)
00412675       __pow87_err_
Module: C:\WATCOM/lib386\math387r.lib(exp387)
00412766*      exp_
004126fc*      __@DEXP1
00412704*      IF@EXP
00412704*      IF@DEXP
00412706       __@DEXP
Module: C:\WATCOM/lib386/nt\clib3r.lib(histsplt)
004180ec       ___historical_splitparms
Module: C:\WATCOM/lib386/nt\clib3r.lib(mbslen)
00412780       _mbslen_
Module: C:\WATCOM/lib386/nt\clib3r.lib(mbstowcs)
004127b0       mbstowcs_
Module: C:\WATCOM/lib386/nt\clib3r.lib(uputenv)
00412830*      _wputenv_
00412a50       __wputenv_
Module: C:\WATCOM/lib386/nt\clib3r.lib(flush)
00412b50       __flush_
Module: C:\WATCOM/lib386/nt\clib3r.lib(wctomb)
00412c50       wctomb_
Module: C:\WATCOM/lib386/nt\clib3r.lib(bufld386)
00412c8c       __ZBuf2LD
Module: C:\WATCOM/lib386\math387r.lib(inf_nan)
00412d2f*      ___f_infinity
00412d33*      ___f_posqnan
00412d37       ___d_infinity
00412d3f       ___d_posqnan
00412d47*      ___ld_infinity
00412d4f*      ___ld_posqnan
Module: C:\WATCOM/lib386/nt\clib3r.lib(hugeval)
00412d60       __HugeValue
Module: C:\WATCOM/lib386/nt\flib7.lib(_matherr)
00412d70*      __imath2err_
00412db0*      __amath1err_
00412de0*      __amath2err_
00412e10       __math2err_
00412f30       __math1err_
00412f40*      __zmath2err_
00412fa0*      __qmath2err_
Module: C:\WATCOM/lib386\math387r.lib(math87e)
00413006       __math87_err_
Module: C:\WATCOM/lib386/nt\clib3r.lib(mbtowc)
00413090       mbtowc_
Module: C:\WATCOM/lib386/nt\clib3r.lib(ustrchr)
0041311f       wcschr_
Module: C:\WATCOM/lib386/nt\clib3r.lib(setenvar)
00413140       __lib_SetEnvironmentVariableW_
Module: C:\WATCOM/lib386/nt\clib3r.lib(crtwenv)
00413230       __create_wide_environment_
Module: C:\WATCOM/lib386/nt\clib3r.lib(utoupper)
00413298       towupper_
Module: C:\WATCOM/lib386/nt\clib3r.lib(fsync)
004132b0       fsync_
Module: C:\WATCOM/lib386/nt\clib3r.lib(qwrit)
00413300       __qwrite_


                        +----------------------+
                        |   Imported Symbols   |
                        +----------------------+

Symbol                              Module
======                              ======

_GetEnvironmentStrings@0            KERNEL32.DLL
_GetVersion@0                       KERNEL32.DLL
_GetModuleFileNameA@12              KERNEL32.DLL
_GetCommandLineA@0                  KERNEL32.DLL
_GetCommandLineW@0                  KERNEL32.DLL
_FreeEnvironmentStringsA@4          KERNEL32.DLL
_GetModuleHandleA@4                 KERNEL32.DLL
_ExitProcess@4                      KERNEL32.DLL
_GetFileAttributesA@4               KERNEL32.DLL
_GetFullPathNameA@16                KERNEL32.DLL
_GetFileType@4                      KERNEL32.DLL
_GetFileInformationByHandle@8       KERNEL32.DLL
_GetFileTime@16                     KERNEL32.DLL
_GetFileSize@8                      KERNEL32.DLL
_CreateFileA@28                     KERNEL32.DLL
_CloseHandle@4                      KERNEL32.DLL
_GetLastError@0                     KERNEL32.DLL
_FindFirstFileA@8                   KERNEL32.DLL
_FindClose@4                        KERNEL32.DLL
_GetCurrentThreadId@0               KERNEL32.DLL
_SetStdHandle@8                     KERNEL32.DLL
_CreateEventA@16                    KERNEL32.DLL
_GetStdHandle@4                     KERNEL32.DLL
_GetModuleFileNameW@12              KERNEL32.DLL
_MultiByteToWideChar@24             KERNEL32.DLL
_LoadLibraryA@4                     KERNEL32.DLL
_GetProcAddress@8                   KERNEL32.DLL
_WriteFile@20                       KERNEL32.DLL
_SetUnhandledExceptionFilter@4      KERNEL32.DLL
_UnhandledExceptionFilter@4         KERNEL32.DLL
_VirtualQuery@12                    KERNEL32.DLL
_MessageBoxA@16                     USER32.DLL
_RtlUnwind@16                       KERNEL32.DLL
_GetCurrentDirectoryA@8             KERNEL32.DLL
_FileTimeToLocalFileTime@8          KERNEL32.DLL
_FileTimeToDosDateTime@12           KERNEL32.DLL
_DosDateTimeToFileTime@12           KERNEL32.DLL
_LocalFileTimeToFileTime@8          KERNEL32.DLL
_FindNextFileA@8                    KERNEL32.DLL
_FormatMessageA@28                  KERNEL32.DLL
_SetCurrentDirectoryA@4             KERNEL32.DLL
_SetFilePointer@16                  KERNEL32.DLL
_DeleteFileA@4                      KERNEL32.DLL
_SetEndOfFile@4                     KERNEL32.DLL
_ReadFile@20                        KERNEL32.DLL
_SetConsoleCtrlHandler@8            KERNEL32.DLL
_TlsGetValue@4                      KERNEL32.DLL
_TlsSetValue@8                      KERNEL32.DLL
_CharUpperA@4                       USER32.DLL
_VirtualAlloc@16                    KERNEL32.DLL
_InitializeCriticalSection@4        KERNEL32.DLL
_DeleteCriticalSection@4            KERNEL32.DLL
_EnterCriticalSection@4             KERNEL32.DLL
_LeaveCriticalSection@4             KERNEL32.DLL
_SetLastError@4                     KERNEL32.DLL
_TlsAlloc@0                         KERNEL32.DLL
_TlsFree@4                          KERNEL32.DLL
_VirtualFree@12                     KERNEL32.DLL
_GetTimeZoneInformation@4           KERNEL32.DLL
_GetACP@0                           KERNEL32.DLL
_GetOEMCP@0                         KERNEL32.DLL
_GetCPInfo@8                        KERNEL32.DLL
_GetCurrentThread@0                 KERNEL32.DLL
_CreateThread@24                    KERNEL32.DLL
_ResumeThread@4                     KERNEL32.DLL
_ExitThread@4                       KERNEL32.DLL
_SetEnvironmentVariableA@8          KERNEL32.DLL
_WideCharToMultiByte@32             KERNEL32.DLL
_SetEnvironmentVariableW@8          KERNEL32.DLL
_FlushFileBuffers@4                 KERNEL32.DLL


                        +--------------------+
                        |   Libraries Used   |
                        +--------------------+

C:\WATCOM/lib386/nt\kernel32.lib
C:\WATCOM/lib386/nt\user32.lib
C:\WATCOM/lib386/nt\flib7.lib
C:\WATCOM/lib386\math387r.lib
C:\WATCOM/lib386/nt\clib3r.lib
C:\WATCOM/lib386/nt\emu387.lib


                        +-----------------------+
                        |   Linker Statistics   |
                        +-----------------------+

Stack size:  00010000 (65536.)
Memory size:  00026140 (155968.)
Entry point address: 00401cf6
Link time: 00:00.80
